../Drivers/STM32U5xx_HAL_Driver/Src/stm32u5xx_hal_fmac.c:2302:13:FMAC_ReadDataIncrementPtr	8	static
../Drivers/STM32U5xx_HAL_Driver/Src/stm32u5xx_hal_fmac.c:2366:13:FMAC_WriteDataIncrementPtr	20	static
../Drivers/STM32U5xx_HAL_Driver/Src/stm32u5xx_hal_fmac.c:1584:26:FMAC_Reset	16	static
../Drivers/STM32U5xx_HAL_Driver/Src/stm32u5xx_hal_fmac.c:2217:26:FMAC_ConfigFilterOutputBufferUpdateState	16	static
../Drivers/STM32U5xx_HAL_Driver/Src/stm32u5xx_hal_fmac.c:1656:26:FMAC_FilterConfig	24	static
../Drivers/STM32U5xx_HAL_Driver/Src/stm32u5xx_hal_fmac.c:1899:26:FMAC_FilterPreload	40	static
../Drivers/STM32U5xx_HAL_Driver/Src/stm32u5xx_hal_fmac.c:498:13:HAL_FMAC_MspInit	0	static
../Drivers/STM32U5xx_HAL_Driver/Src/stm32u5xx_hal_fmac.c:378:19:HAL_FMAC_Init	16	static
../Drivers/STM32U5xx_HAL_Driver/Src/stm32u5xx_hal_fmac.c:513:13:HAL_FMAC_MspDeInit	0	static
../Drivers/STM32U5xx_HAL_Driver/Src/stm32u5xx_hal_fmac.c:451:19:HAL_FMAC_DeInit	16	static
../Drivers/STM32U5xx_HAL_Driver/Src/stm32u5xx_hal_fmac.c:796:19:HAL_FMAC_FilterConfig	0	static
../Drivers/STM32U5xx_HAL_Driver/Src/stm32u5xx_hal_fmac.c:812:19:HAL_FMAC_FilterConfig_DMA	0	static
../Drivers/STM32U5xx_HAL_Driver/Src/stm32u5xx_hal_fmac.c:836:19:HAL_FMAC_FilterPreload	16	static
../Drivers/STM32U5xx_HAL_Driver/Src/stm32u5xx_hal_fmac.c:861:19:HAL_FMAC_FilterPreload_DMA	16	static
../Drivers/STM32U5xx_HAL_Driver/Src/stm32u5xx_hal_fmac.c:879:19:HAL_FMAC_FilterStart	8	static
../Drivers/STM32U5xx_HAL_Driver/Src/stm32u5xx_hal_fmac.c:964:19:HAL_FMAC_AppendFilterData	8	static
../Drivers/STM32U5xx_HAL_Driver/Src/stm32u5xx_hal_fmac.c:1020:19:HAL_FMAC_ConfigFilterOutputBuffer	0	static
../Drivers/STM32U5xx_HAL_Driver/Src/stm32u5xx_hal_fmac.c:1081:19:HAL_FMAC_PollFilterData	24	static
../Drivers/STM32U5xx_HAL_Driver/Src/stm32u5xx_hal_fmac.c:1200:19:HAL_FMAC_FilterStop	16	static
../Drivers/STM32U5xx_HAL_Driver/Src/stm32u5xx_hal_fmac.c:1298:13:HAL_FMAC_ErrorCallback	0	static
../Drivers/STM32U5xx_HAL_Driver/Src/stm32u5xx_hal_fmac.c:2706:13:FMAC_DMAError	8	static
../Drivers/STM32U5xx_HAL_Driver/Src/stm32u5xx_hal_fmac.c:1314:13:HAL_FMAC_HalfGetDataCallback	0	static
../Drivers/STM32U5xx_HAL_Driver/Src/stm32u5xx_hal_fmac.c:2425:13:FMAC_DMAHalfGetData	8	static
../Drivers/STM32U5xx_HAL_Driver/Src/stm32u5xx_hal_fmac.c:1330:13:HAL_FMAC_GetDataCallback	0	static
../Drivers/STM32U5xx_HAL_Driver/Src/stm32u5xx_hal_fmac.c:2442:13:FMAC_DMAGetData	8	static
../Drivers/STM32U5xx_HAL_Driver/Src/stm32u5xx_hal_fmac.c:1346:13:HAL_FMAC_HalfOutputDataReadyCallback	0	static
../Drivers/STM32U5xx_HAL_Driver/Src/stm32u5xx_hal_fmac.c:2462:13:FMAC_DMAHalfOutputDataReady	8	static
../Drivers/STM32U5xx_HAL_Driver/Src/stm32u5xx_hal_fmac.c:1362:13:HAL_FMAC_OutputDataReadyCallback	0	static
../Drivers/STM32U5xx_HAL_Driver/Src/stm32u5xx_hal_fmac.c:2479:13:FMAC_DMAOutputDataReady	8	static
../Drivers/STM32U5xx_HAL_Driver/Src/stm32u5xx_hal_fmac.c:1378:13:HAL_FMAC_FilterConfigCallback	0	static
../Drivers/STM32U5xx_HAL_Driver/Src/stm32u5xx_hal_fmac.c:2499:13:FMAC_DMAFilterConfig	8	static
../Drivers/STM32U5xx_HAL_Driver/Src/stm32u5xx_hal_fmac.c:1394:13:HAL_FMAC_FilterPreloadCallback	0	static
../Drivers/STM32U5xx_HAL_Driver/Src/stm32u5xx_hal_fmac.c:2599:13:FMAC_DMAFilterPreload	16	static
../Drivers/STM32U5xx_HAL_Driver/Src/stm32u5xx_hal_fmac.c:1427:6:HAL_FMAC_IRQHandler	16	static
../Drivers/STM32U5xx_HAL_Driver/Src/stm32u5xx_hal_fmac.c:1543:23:HAL_FMAC_GetState	0	static
../Drivers/STM32U5xx_HAL_Driver/Src/stm32u5xx_hal_fmac.c:1556:10:HAL_FMAC_GetError	0	static
