../Drivers/STM32U5xx_HAL_Driver/Src/stm32u5xx_ll_usb.c:86:19:USB_CoreInit	8	static
../Drivers/STM32U5xx_HAL_Driver/Src/stm32u5xx_ll_usb.c:138:19:USB_SetTurnaroundTime	0	static
../Drivers/STM32U5xx_HAL_Driver/Src/stm32u5xx_ll_usb.c:221:19:USB_EnableGlobalInt	0	static
../Drivers/STM32U5xx_HAL_Driver/Src/stm32u5xx_ll_usb.c:233:19:USB_DisableGlobalInt	0	static
../Drivers/STM32U5xx_HAL_Driver/Src/stm32u5xx_ll_usb.c:248:19:USB_SetCurrentMode	16	static
../Drivers/STM32U5xx_HAL_Driver/Src/stm32u5xx_ll_usb.c:473:19:USB_FlushTxFifo	8	static
../Drivers/STM32U5xx_HAL_Driver/Src/stm32u5xx_ll_usb.c:510:19:USB_FlushRxFifo	8	static
../Drivers/STM32U5xx_HAL_Driver/Src/stm32u5xx_ll_usb.c:295:19:USB_DevInit	24	static
../Drivers/STM32U5xx_HAL_Driver/Src/stm32u5xx_ll_usb.c:553:19:USB_SetDevSpeed	0	static
../Drivers/STM32U5xx_HAL_Driver/Src/stm32u5xx_ll_usb.c:569:9:USB_GetDevSpeed	0	static
../Drivers/STM32U5xx_HAL_Driver/Src/stm32u5xx_ll_usb.c:599:19:USB_ActivateEndpoint	8	static
../Drivers/STM32U5xx_HAL_Driver/Src/stm32u5xx_ll_usb.c:637:19:USB_ActivateDedicatedEndpoint	4	static
../Drivers/STM32U5xx_HAL_Driver/Src/stm32u5xx_ll_usb.c:676:19:USB_DeactivateEndpoint	4	static
../Drivers/STM32U5xx_HAL_Driver/Src/stm32u5xx_ll_usb.c:723:19:USB_DeactivateDedicatedEndpoint	0	static
../Drivers/STM32U5xx_HAL_Driver/Src/stm32u5xx_ll_usb.c:765:19:USB_EPStartXfer	24	static
../Drivers/STM32U5xx_HAL_Driver/Src/stm32u5xx_ll_usb.c:937:19:USB_EPStopXfer	16	static
../Drivers/STM32U5xx_HAL_Driver/Src/stm32u5xx_ll_usb.c:1042:19:USB_EPSetStall	0	static
../Drivers/STM32U5xx_HAL_Driver/Src/stm32u5xx_ll_usb.c:1073:19:USB_EPClearStall	0	static
../Drivers/STM32U5xx_HAL_Driver/Src/stm32u5xx_ll_usb.c:1111:19:USB_WritePacket	4	static
../Drivers/STM32U5xx_HAL_Driver/Src/stm32u5xx_ll_usb.c:1142:7:USB_ReadPacket	16	static
../Drivers/STM32U5xx_HAL_Driver/Src/stm32u5xx_ll_usb.c:1183:19:USB_StopDevice	8	static
../Drivers/STM32U5xx_HAL_Driver/Src/stm32u5xx_ll_usb.c:1224:19:USB_SetDevAddress	0	static
../Drivers/STM32U5xx_HAL_Driver/Src/stm32u5xx_ll_usb.c:1239:19:USB_DevConnect	0	static
../Drivers/STM32U5xx_HAL_Driver/Src/stm32u5xx_ll_usb.c:1256:19:USB_DevDisconnect	0	static
../Drivers/STM32U5xx_HAL_Driver/Src/stm32u5xx_ll_usb.c:1273:10:USB_ReadInterrupts	0	static
../Drivers/STM32U5xx_HAL_Driver/Src/stm32u5xx_ll_usb.c:1289:10:USB_ReadChInterrupts	0	static
../Drivers/STM32U5xx_HAL_Driver/Src/stm32u5xx_ll_usb.c:1305:10:USB_ReadDevAllOutEpInterrupt	0	static
../Drivers/STM32U5xx_HAL_Driver/Src/stm32u5xx_ll_usb.c:1321:10:USB_ReadDevAllInEpInterrupt	0	static
../Drivers/STM32U5xx_HAL_Driver/Src/stm32u5xx_ll_usb.c:1339:10:USB_ReadDevOutEPInterrupt	0	static
../Drivers/STM32U5xx_HAL_Driver/Src/stm32u5xx_ll_usb.c:1357:10:USB_ReadDevInEPInterrupt	0	static
../Drivers/STM32U5xx_HAL_Driver/Src/stm32u5xx_ll_usb.c:1378:7:USB_ClearInterrupts	0	static
../Drivers/STM32U5xx_HAL_Driver/Src/stm32u5xx_ll_usb.c:1391:10:USB_GetMode	0	static
../Drivers/STM32U5xx_HAL_Driver/Src/stm32u5xx_ll_usb.c:1401:19:USB_ActivateSetup	0	static
../Drivers/STM32U5xx_HAL_Driver/Src/stm32u5xx_ll_usb.c:1423:19:USB_EP0_OutStart	8	static
../Drivers/STM32U5xx_HAL_Driver/Src/stm32u5xx_ll_usb.c:1503:19:USB_HostInit	24	static
../Drivers/STM32U5xx_HAL_Driver/Src/stm32u5xx_ll_usb.c:1620:19:USB_InitFSLSPClkSel	0	static
../Drivers/STM32U5xx_HAL_Driver/Src/stm32u5xx_ll_usb.c:1650:19:USB_ResetPort	24	static
../Drivers/STM32U5xx_HAL_Driver/Src/stm32u5xx_ll_usb.c:1677:19:USB_DriveVbus	8	static
../Drivers/STM32U5xx_HAL_Driver/Src/stm32u5xx_ll_usb.c:1707:10:USB_GetHostSpeed	8	static
../Drivers/STM32U5xx_HAL_Driver/Src/stm32u5xx_ll_usb.c:1721:10:USB_GetCurrentFrame	0	static
../Drivers/STM32U5xx_HAL_Driver/Src/stm32u5xx_ll_usb.c:2274:19:USB_DoPing	0	static
../Drivers/STM32U5xx_HAL_Driver/Src/stm32u5xx_ll_usb.c:2298:19:USB_StopHost	16	static
../Drivers/STM32U5xx_HAL_Driver/Src/stm32u5xx_ll_usb.c:2363:19:USB_ActivateRemoteWakeup	0	static
../Drivers/STM32U5xx_HAL_Driver/Src/stm32u5xx_ll_usb.c:2381:19:USB_DeActivateRemoteWakeup	0	static
