../Core/Src/ORB_implementation/Benchmarking.c:15:6:DWT_init	4	static
../Core/Src/ORB_implementation/Benchmarking.c:34:8:DWT_register	16	static
../Core/Src/ORB_implementation/Benchmarking.c:43:6:DWT_start	0	static
../Core/Src/ORB_implementation/Benchmarking.c:49:6:DWT_stop	4	static
../Core/Src/ORB_implementation/Benchmarking.c:60:16:DWT_get	0	static
../Core/Src/ORB_implementation/Benchmarking.c:66:19:DWT_get_timed	0	static
../Core/Src/ORB_implementation/Benchmarking.c:70:21:DWT_convert_cycles_to_us	24	static
../Core/Src/ORB_implementation/Benchmarking.c:83:21:DWT_convert_cycles_to_ms	24	static
../Core/Src/ORB_implementation/Benchmarking.c:98:6:DWT_aggregate_reset	0	static
../Core/Src/ORB_implementation/Benchmarking.c:103:6:DWT_aggregate_reset_all	4	static
../Core/Src/ORB_implementation/Benchmarking.c:110:6:DWT_reset	0	static
../Core/Src/ORB_implementation/Benchmarking.c:121:17:DWT_get_registry	0	static
../Core/Src/ORB_implementation/Benchmarking.c:125:10:DWT_get_profile_count	0	static
../Core/Src/ORB_implementation/Benchmarking.c:129:19:DWT_get_timed_registry	0	static
../Core/Src/ORB_implementation/Benchmarking.c:133:18:DWT_convert_to_timed	16	static
../Core/Src/ORB_implementation/Benchmarking.c:140:6:DWT_convert_all_profiles_to_timed	184	static
