../Core/Src/ORB_implementation/Benchmarking.c:13:6:DWT_init	8	static
../Core/Src/ORB_implementation/Benchmarking.c:31:8:DWT_register	16	static
../Core/Src/ORB_implementation/Benchmarking.c:39:6:DWT_start	0	static
../Core/Src/ORB_implementation/Benchmarking.c:43:6:DWT_stop	4	static
../Core/Src/ORB_implementation/Benchmarking.c:54:16:DWT_get	0	static
../Core/Src/ORB_implementation/Benchmarking.c:58:21:DWT_convert_cycles_to_us	4	static
../Core/Src/ORB_implementation/Benchmarking.c:70:21:DWT_convert_cycles_to_ms	4	static
../Core/Src/ORB_implementation/Benchmarking.c:84:6:DWT_aggregate_reset	0	static
../Core/Src/ORB_implementation/Benchmarking.c:90:6:DWT_reset	4	static
../Core/Src/ORB_implementation/Benchmarking.c:100:16:DWT_get_registry	8	static
../Core/Src/ORB_implementation/Benchmarking.c:104:19:DWT_get_timed_registry	0	static
../Core/Src/ORB_implementation/Benchmarking.c:108:18:DWT_convert_to_timed	16	static
../Core/Src/ORB_implementation/Benchmarking.c:115:6:DWT_convert_all_profiles_to_timed	48	static
../Core/Src/ORB_implementation/Benchmarking.c:121:19:DWT_get_timed	0	static
