../Core/Src/ORB_implementation/ORB.c:33:6:ORB_assign_image	0	static
../Core/Src/ORB_implementation/ORB.c:46:10:ORB_get_feature_count	0	static
../Core/Src/ORB_implementation/ORB.c:50:22:FAST_get_feature_points	0	static
../Core/Src/ORB_implementation/ORB.c:54:6:ORB_init	8	static
../Core/Src/ORB_implementation/ORB.c:83:6:get_ORB_patch	4	static
../Core/Src/ORB_implementation/ORB.c:98:6:ORB_extract_and_match	1016	static
../Core/Src/ORB_implementation/ORB.c:172:6:send_benchmark_and_keypoints_uart	0	static
